<html>
<body>
<pre>
<h1>µVision Build Log</h1>
<h2>Tool Versions:</h2>
IDE-Version: ¦ÌVision V5.16a
Copyright (C) 2015 ARM Ltd and ARM Germany GmbH. All rights reserved.
License Information: 1 Hyt, 1, LIC=HN0AE-5IGX9-X7KRZ-JN2W0-79GMA-7FGDQ
 
Tool Versions:
Toolchain:       MDK-ARM Standard  Version: 5.16a
Toolchain Path:  E:\software\Keil\keil5\keil_mdk\ARM\ARM_Compiler_5.06u7\Bin
C Compiler:      Armcc.exe V5.06 update 7 (build 960)
Assembler:       Armasm.exe V5.06 update 7 (build 960)
Linker/Locator:  ArmLink.exe V5.06 update 7 (build 960)
Library Manager: ArmAr.exe V5.06 update 7 (build 960)
Hex Converter:   FromElf.exe V5.06 update 7 (build 960)
CPU DLL:         SARMCM3.DLL V5.16a
Dialog DLL:      DCM.DLL V1.13.2.0
Target DLL:      STLink\ST-LINKIII-KEIL_SWO.dll V2.0.17.0
Dialog DLL:      TCM.DLL V1.14.5.0
 
<h2>Project:</h2>
e:\GitHub\Balance-car\Balanced_Car\Software\project.uvprojx
Project File Date:  09/14/2024

<h2>Output:</h2>
*** Using Compiler 'V5.06 update 7 (build 960)', folder: 'E:\software\Keil\keil5\keil_mdk\ARM\ARM_Compiler_5.06u7\Bin'
Rebuild target 'Target 1'
assembling startup_stm32f10x_md.s...
compiling stm32f10x_exti.c...
compiling stm32f10x_cec.c...
compiling stm32f10x_dma.c...
compiling system_stm32f10x.c...
compiling stm32f10x_dbgmcu.c...
compiling stm32f10x_dac.c...
compiling stm32f10x_bkp.c...
compiling stm32f10x_flash.c...
compiling stm32f10x_can.c...
compiling stm32f10x_adc.c...
compiling stm32f10x_crc.c...
compiling misc.c...
compiling core_cm3.c...
compiling stm32f10x_rtc.c...
compiling stm32f10x_i2c.c...
compiling stm32f10x_gpio.c...
compiling Mathematics.c...
compiling stm32f10x_spi.c...
compiling stm32f10x_fsmc.c...
compiling stm32f10x_iwdg.c...
compiling stm32f10x_sdio.c...
compiling stm32f10x_rcc.c...
compiling stm32f10x_wwdg.c...
compiling stm32f10x_usart.c...
compiling stm32f10x_tim.c...
compiling stm32f10x_pwr.c...
compiling Tim.c...
compiling MPU6050_I2C.c...
compiling UART.c...
compiling Encoder.c...
compiling MPU6050.c...
compiling OLED.c...
compiling Delay.c...
compiling Spi.c...
compiling Filter_Kalman.c...
compiling tb6612.c...
compiling PID.c...
compiling Car.c...
compiling Car_Debug.c...
compiling stm32f10x_it.c...
compiling main.c...
linking...
Program Size: Code=9708 RO-data=428 RW-data=152 ZI-data=1056  
FromELF: creating hex file...
".\Objects\project.axf" - 0 Error(s), 0 Warning(s).

<h2>Collection of Component include folders:</h2>
  e:\GitHub\Balance-car\Balanced_Car\Software\RTE
  E:\software\Keil\keil5\keil_mdk\ARM\PACK\Keil\STM32F1xx_DFP\1.0.5\Device\Include

<h2>Collection of Component Files used:</h2>
Build Time Elapsed:  00:00:02
</pre>
</body>
</html>
